--------------------------------------------------------------------------------
Lattice Synthesis Timing Report, Version  
Mon Oct 12 16:04:36 2020

Copyright (c) 1991-1994 by NeoCAD Inc. All rights reserved.
Copyright (c) 1995 AT&T Corp.   All rights reserved.
Copyright (c) 1995-2001 Lucent Technologies Inc.  All rights reserved.
Copyright (c) 2001 Agere Systems   All rights reserved.
Copyright (c) 2002-2016 Lattice Semiconductor Corporation,  All rights reserved.

Report Information
------------------
Design:     top
Constraint file:  
Report level:    verbose report, limited to 3 items per constraint
--------------------------------------------------------------------------------



================================================================================
Constraint: create_clock -period 1000.000000 -name clk0 [get_nets CLK_c]
            4096 items scored, 0 timing errors detected.
--------------------------------------------------------------------------------


Passed:  The following path meets requirements by 938.261ns

 Logical Details:  Cell type  Pin type       Cell name  (clock net +/-)

   Source:         SB_DFF     C              \inst_midgetv_core/inst_mimux/genblk1.sa00mod_r  (from CLK_c +)
   Destination:    SB_DFFE    D              \inst_midgetv_core/inst_ucode/genblk1.inst_2ebr/reg_d18  (to CLK_c +)

   Delay:                  61.606ns  (25.8% logic, 74.2% route), 39 logic levels.

 Constraint Details:

     61.606ns data_path \inst_midgetv_core/inst_mimux/genblk1.sa00mod_r to \inst_midgetv_core/inst_ucode/genblk1.inst_2ebr/reg_d18 meets
    1000.000ns delay constraint less
      0.133ns L_S requirement (totaling 999.867ns) by 938.261ns

 Path Details: \inst_midgetv_core/inst_mimux/genblk1.sa00mod_r to \inst_midgetv_core/inst_ucode/genblk1.inst_2ebr/reg_d18

   Name    Fanout   Delay (ns)          Pins               Resource(Cell.Net)
L_CO        ---     0.367              C to Q              \inst_midgetv_core/inst_mimux/genblk1.sa00mod_r (from CLK_c)
Route        32   e 1.813                                  \inst_midgetv_core/inst_mimux/genblk1.sa00mod
LUT4        ---     0.408             I3 to O              \inst_midgetv_core/inst_mimux/genblk1.cmb[0]
Route         2   e 1.158                                  \inst_midgetv_core/Di[0]
LUT4        ---     0.408             I2 to O              \inst_midgetv_core/inst_alu/genblk1.inst/a[0]/l
Route         2   e 1.158                                  \inst_midgetv_core/inst_alu/genblk1.inst/A[0]
LUT4        ---     0.408             I0 to CO             \inst_midgetv_core/inst_alu/genblk1.inst/b[0]/y
Route         2   e 1.158                                  \inst_midgetv_core/inst_alu/genblk1.inst/alucy[1]
LUT4        ---     0.408             CI to CO             \inst_midgetv_core/inst_alu/genblk1.inst/b[1]/y
Route         2   e 1.158                                  \inst_midgetv_core/inst_alu/genblk1.inst/alucy[2]
LUT4        ---     0.408             CI to CO             \inst_midgetv_core/inst_alu/genblk1.inst/b[2]/y
Route         2   e 1.158                                  \inst_midgetv_core/inst_alu/genblk1.inst/alucy[3]
LUT4        ---     0.408             CI to CO             \inst_midgetv_core/inst_alu/genblk1.inst/b[3]/y
Route         2   e 1.158                                  \inst_midgetv_core/inst_alu/genblk1.inst/alucy[4]
LUT4        ---     0.408             CI to CO             \inst_midgetv_core/inst_alu/genblk1.inst/b[4]/y
Route         2   e 1.158                                  \inst_midgetv_core/inst_alu/genblk1.inst/alucy[5]
LUT4        ---     0.408             CI to CO             \inst_midgetv_core/inst_alu/genblk1.inst/b[5]/y
Route         2   e 1.158                                  \inst_midgetv_core/inst_alu/genblk1.inst/alucy[6]
LUT4        ---     0.408             CI to CO             \inst_midgetv_core/inst_alu/genblk1.inst/b[6]/y
Route         2   e 1.158                                  \inst_midgetv_core/inst_alu/genblk1.inst/alucy[7]
LUT4        ---     0.408             CI to CO             \inst_midgetv_core/inst_alu/genblk1.inst/b[7]/y
Route         2   e 1.158                                  \inst_midgetv_core/inst_alu/genblk1.inst/alucy[8]
LUT4        ---     0.408             CI to CO             \inst_midgetv_core/inst_alu/genblk1.inst/b[8]/y
Route         2   e 1.158                                  \inst_midgetv_core/inst_alu/genblk1.inst/alucy[9]
LUT4        ---     0.408             CI to CO             \inst_midgetv_core/inst_alu/genblk1.inst/b[9]/y
Route         2   e 1.158                                  \inst_midgetv_core/inst_alu/genblk1.inst/alucy[10]
LUT4        ---     0.408             CI to CO             \inst_midgetv_core/inst_alu/genblk1.inst/b[10]/y
Route         2   e 1.158                                  \inst_midgetv_core/inst_alu/genblk1.inst/alucy[11]
LUT4        ---     0.408             CI to CO             \inst_midgetv_core/inst_alu/genblk1.inst/b[11]/y
Route         2   e 1.158                                  \inst_midgetv_core/inst_alu/genblk1.inst/alucy[12]
LUT4        ---     0.408             CI to CO             \inst_midgetv_core/inst_alu/genblk1.inst/b[12]/y
Route         2   e 1.158                                  \inst_midgetv_core/inst_alu/genblk1.inst/alucy[13]
LUT4        ---     0.408             CI to CO             \inst_midgetv_core/inst_alu/genblk1.inst/b[13]/y
Route         2   e 1.158                                  \inst_midgetv_core/inst_alu/genblk1.inst/alucy[14]
LUT4        ---     0.408             CI to CO             \inst_midgetv_core/inst_alu/genblk1.inst/b[14]/y
Route         2   e 1.158                                  \inst_midgetv_core/inst_alu/genblk1.inst/alucy[15]
LUT4        ---     0.408             CI to CO             \inst_midgetv_core/inst_alu/genblk1.inst/b[15]/y
Route         2   e 1.158                                  \inst_midgetv_core/inst_alu/genblk1.inst/alucy[16]
LUT4        ---     0.408             CI to CO             \inst_midgetv_core/inst_alu/genblk1.inst/b[16]/y
Route         2   e 1.158                                  \inst_midgetv_core/inst_alu/genblk1.inst/alucy[17]
LUT4        ---     0.408             CI to CO             \inst_midgetv_core/inst_alu/genblk1.inst/b[17]/y
Route         2   e 1.158                                  \inst_midgetv_core/inst_alu/genblk1.inst/alucy[18]
LUT4        ---     0.408             CI to CO             \inst_midgetv_core/inst_alu/genblk1.inst/b[18]/y
Route         2   e 1.158                                  \inst_midgetv_core/inst_alu/genblk1.inst/alucy[19]
LUT4        ---     0.408             CI to CO             \inst_midgetv_core/inst_alu/genblk1.inst/b[19]/y
Route         2   e 1.158                                  \inst_midgetv_core/inst_alu/genblk1.inst/alucy[20]
LUT4        ---     0.408             CI to CO             \inst_midgetv_core/inst_alu/genblk1.inst/b[20]/y
Route         2   e 1.158                                  \inst_midgetv_core/inst_alu/genblk1.inst/alucy[21]
LUT4        ---     0.408             CI to CO             \inst_midgetv_core/inst_alu/genblk1.inst/b[21]/y
Route         2   e 1.158                                  \inst_midgetv_core/inst_alu/genblk1.inst/alucy[22]
LUT4        ---     0.408             CI to CO             \inst_midgetv_core/inst_alu/genblk1.inst/b[22]/y
Route         2   e 1.158                                  \inst_midgetv_core/inst_alu/genblk1.inst/alucy[23]
LUT4        ---     0.408             CI to CO             \inst_midgetv_core/inst_alu/genblk1.inst/b[23]/y
Route         2   e 1.158                                  \inst_midgetv_core/inst_alu/genblk1.inst/alucy[24]
LUT4        ---     0.408             CI to CO             \inst_midgetv_core/inst_alu/genblk1.inst/b[24]/y
Route         2   e 1.158                                  \inst_midgetv_core/inst_alu/genblk1.inst/alucy[25]
LUT4        ---     0.408             CI to CO             \inst_midgetv_core/inst_alu/genblk1.inst/b[25]/y
Route         2   e 1.158                                  \inst_midgetv_core/inst_alu/genblk1.inst/alucy[26]
LUT4        ---     0.408             CI to CO             \inst_midgetv_core/inst_alu/genblk1.inst/b[26]/y
Route         2   e 1.158                                  \inst_midgetv_core/inst_alu/genblk1.inst/alucy[27]
LUT4        ---     0.408             CI to CO             \inst_midgetv_core/inst_alu/genblk1.inst/b[27]/y
Route         2   e 1.158                                  \inst_midgetv_core/inst_alu/genblk1.inst/alucy[28]
LUT4        ---     0.408             CI to CO             \inst_midgetv_core/inst_alu/genblk1.inst/b[28]/y
Route         2   e 1.158                                  \inst_midgetv_core/inst_alu/genblk1.inst/alucy[29]
LUT4        ---     0.408             CI to CO             \inst_midgetv_core/inst_alu/genblk1.inst/b[29]/y
Route         2   e 1.158                                  \inst_midgetv_core/inst_alu/genblk1.inst/alucy[30]
LUT4        ---     0.408             CI to CO             \inst_midgetv_core/inst_alu/genblk1.inst/b[30]/y
Route         2   e 1.158                                  \inst_midgetv_core/inst_alu/genblk1.inst/alucy[31]
LUT4        ---     0.408             I3 to O              \inst_midgetv_core/inst_alu/genblk1.inst/b[31]/l
Route         7   e 1.409                                  \inst_midgetv_core/B[31]
LUT4        ---     0.408             I1 to O              \inst_midgetv_core/inst_ucodepc/i3962_4_lut
Route         1   e 1.020                                  \inst_midgetv_core/inst_ucodepc/n5608
LUT4        ---     0.408             I1 to O              \inst_midgetv_core/inst_ucodepc/i1_4_lut
Route         3   e 1.239                                  \inst_midgetv_core/mostofminx0
LUT4        ---     0.408             I0 to O              \inst_midgetv_core/inst_ucode/genblk1.inst_2ebr/leq0100/l
Route         1   e 1.020                                  \inst_midgetv_core/inst_ucode/genblk1.inst_2ebr/instr0100
LUT4        ---     0.408             I0 to O              \inst_midgetv_core/inst_ucode/genblk1.inst_2ebr/leq1x110100/l
Route         1   e 1.020                                  \inst_midgetv_core/inst_ucode/genblk1.inst_2ebr/instr1x110100
                  --------
                   61.606  (25.8% logic, 74.2% route), 39 logic levels.


Passed:  The following path meets requirements by 938.677ns

 Logical Details:  Cell type  Pin type       Cell name  (clock net +/-)

   Source:         SB_DFFESR  C              \inst_midgetv_core/inst_immexp_zfind_q/genblk1.blk0[31].r  (from CLK_c +)
   Destination:    SB_DFFE    D              \inst_midgetv_core/inst_ucode/genblk1.inst_2ebr/reg_d18  (to CLK_c +)

   Delay:                  61.190ns  (25.9% logic, 74.1% route), 39 logic levels.

 Constraint Details:

     61.190ns data_path \inst_midgetv_core/inst_immexp_zfind_q/genblk1.blk0[31].r to \inst_midgetv_core/inst_ucode/genblk1.inst_2ebr/reg_d18 meets
    1000.000ns delay constraint less
      0.133ns L_S requirement (totaling 999.867ns) by 938.677ns

 Path Details: \inst_midgetv_core/inst_immexp_zfind_q/genblk1.blk0[31].r to \inst_midgetv_core/inst_ucode/genblk1.inst_2ebr/reg_d18

   Name    Fanout   Delay (ns)          Pins               Resource(Cell.Net)
L_CO        ---     0.367              C to Q              \inst_midgetv_core/inst_immexp_zfind_q/genblk1.blk0[31].r (from CLK_c)
Route         8   e 1.535                                  \inst_midgetv_core/ADR_O[31]
LUT4        ---     0.408             I1 to CO             \inst_midgetv_core/inst_alu_carryin/genblk1.genblk1.lb/y
Route         1   e 1.020                                  \inst_midgetv_core/inst_alu_carryin/genblk1.genblk1.prealucyin
LUT4        ---     0.408             CI to CO             \inst_midgetv_core/inst_alu_carryin/genblk1.genblk1.la/y
Route         2   e 1.158                                  \inst_midgetv_core/alu_carryin
LUT4        ---     0.408             CI to CO             \inst_midgetv_core/inst_alu/genblk1.inst/b[0]/y
Route         2   e 1.158                                  \inst_midgetv_core/inst_alu/genblk1.inst/alucy[1]
LUT4        ---     0.408             CI to CO             \inst_midgetv_core/inst_alu/genblk1.inst/b[1]/y
Route         2   e 1.158                                  \inst_midgetv_core/inst_alu/genblk1.inst/alucy[2]
LUT4        ---     0.408             CI to CO             \inst_midgetv_core/inst_alu/genblk1.inst/b[2]/y
Route         2   e 1.158                                  \inst_midgetv_core/inst_alu/genblk1.inst/alucy[3]
LUT4        ---     0.408             CI to CO             \inst_midgetv_core/inst_alu/genblk1.inst/b[3]/y
Route         2   e 1.158                                  \inst_midgetv_core/inst_alu/genblk1.inst/alucy[4]
LUT4        ---     0.408             CI to CO             \inst_midgetv_core/inst_alu/genblk1.inst/b[4]/y
Route         2   e 1.158                                  \inst_midgetv_core/inst_alu/genblk1.inst/alucy[5]
LUT4        ---     0.408             CI to CO             \inst_midgetv_core/inst_alu/genblk1.inst/b[5]/y
Route         2   e 1.158                                  \inst_midgetv_core/inst_alu/genblk1.inst/alucy[6]
LUT4        ---     0.408             CI to CO             \inst_midgetv_core/inst_alu/genblk1.inst/b[6]/y
Route         2   e 1.158                                  \inst_midgetv_core/inst_alu/genblk1.inst/alucy[7]
LUT4        ---     0.408             CI to CO             \inst_midgetv_core/inst_alu/genblk1.inst/b[7]/y
Route         2   e 1.158                                  \inst_midgetv_core/inst_alu/genblk1.inst/alucy[8]
LUT4        ---     0.408             CI to CO             \inst_midgetv_core/inst_alu/genblk1.inst/b[8]/y
Route         2   e 1.158                                  \inst_midgetv_core/inst_alu/genblk1.inst/alucy[9]
LUT4        ---     0.408             CI to CO             \inst_midgetv_core/inst_alu/genblk1.inst/b[9]/y
Route         2   e 1.158                                  \inst_midgetv_core/inst_alu/genblk1.inst/alucy[10]
LUT4        ---     0.408             CI to CO             \inst_midgetv_core/inst_alu/genblk1.inst/b[10]/y
Route         2   e 1.158                                  \inst_midgetv_core/inst_alu/genblk1.inst/alucy[11]
LUT4        ---     0.408             CI to CO             \inst_midgetv_core/inst_alu/genblk1.inst/b[11]/y
Route         2   e 1.158                                  \inst_midgetv_core/inst_alu/genblk1.inst/alucy[12]
LUT4        ---     0.408             CI to CO             \inst_midgetv_core/inst_alu/genblk1.inst/b[12]/y
Route         2   e 1.158                                  \inst_midgetv_core/inst_alu/genblk1.inst/alucy[13]
LUT4        ---     0.408             CI to CO             \inst_midgetv_core/inst_alu/genblk1.inst/b[13]/y
Route         2   e 1.158                                  \inst_midgetv_core/inst_alu/genblk1.inst/alucy[14]
LUT4        ---     0.408             CI to CO             \inst_midgetv_core/inst_alu/genblk1.inst/b[14]/y
Route         2   e 1.158                                  \inst_midgetv_core/inst_alu/genblk1.inst/alucy[15]
LUT4        ---     0.408             CI to CO             \inst_midgetv_core/inst_alu/genblk1.inst/b[15]/y
Route         2   e 1.158                                  \inst_midgetv_core/inst_alu/genblk1.inst/alucy[16]
LUT4        ---     0.408             CI to CO             \inst_midgetv_core/inst_alu/genblk1.inst/b[16]/y
Route         2   e 1.158                                  \inst_midgetv_core/inst_alu/genblk1.inst/alucy[17]
LUT4        ---     0.408             CI to CO             \inst_midgetv_core/inst_alu/genblk1.inst/b[17]/y
Route         2   e 1.158                                  \inst_midgetv_core/inst_alu/genblk1.inst/alucy[18]
LUT4        ---     0.408             CI to CO             \inst_midgetv_core/inst_alu/genblk1.inst/b[18]/y
Route         2   e 1.158                                  \inst_midgetv_core/inst_alu/genblk1.inst/alucy[19]
LUT4        ---     0.408             CI to CO             \inst_midgetv_core/inst_alu/genblk1.inst/b[19]/y
Route         2   e 1.158                                  \inst_midgetv_core/inst_alu/genblk1.inst/alucy[20]
LUT4        ---     0.408             CI to CO             \inst_midgetv_core/inst_alu/genblk1.inst/b[20]/y
Route         2   e 1.158                                  \inst_midgetv_core/inst_alu/genblk1.inst/alucy[21]
LUT4        ---     0.408             CI to CO             \inst_midgetv_core/inst_alu/genblk1.inst/b[21]/y
Route         2   e 1.158                                  \inst_midgetv_core/inst_alu/genblk1.inst/alucy[22]
LUT4        ---     0.408             CI to CO             \inst_midgetv_core/inst_alu/genblk1.inst/b[22]/y
Route         2   e 1.158                                  \inst_midgetv_core/inst_alu/genblk1.inst/alucy[23]
LUT4        ---     0.408             CI to CO             \inst_midgetv_core/inst_alu/genblk1.inst/b[23]/y
Route         2   e 1.158                                  \inst_midgetv_core/inst_alu/genblk1.inst/alucy[24]
LUT4        ---     0.408             CI to CO             \inst_midgetv_core/inst_alu/genblk1.inst/b[24]/y
Route         2   e 1.158                                  \inst_midgetv_core/inst_alu/genblk1.inst/alucy[25]
LUT4        ---     0.408             CI to CO             \inst_midgetv_core/inst_alu/genblk1.inst/b[25]/y
Route         2   e 1.158                                  \inst_midgetv_core/inst_alu/genblk1.inst/alucy[26]
LUT4        ---     0.408             CI to CO             \inst_midgetv_core/inst_alu/genblk1.inst/b[26]/y
Route         2   e 1.158                                  \inst_midgetv_core/inst_alu/genblk1.inst/alucy[27]
LUT4        ---     0.408             CI to CO             \inst_midgetv_core/inst_alu/genblk1.inst/b[27]/y
Route         2   e 1.158                                  \inst_midgetv_core/inst_alu/genblk1.inst/alucy[28]
LUT4        ---     0.408             CI to CO             \inst_midgetv_core/inst_alu/genblk1.inst/b[28]/y
Route         2   e 1.158                                  \inst_midgetv_core/inst_alu/genblk1.inst/alucy[29]
LUT4        ---     0.408             CI to CO             \inst_midgetv_core/inst_alu/genblk1.inst/b[29]/y
Route         2   e 1.158                                  \inst_midgetv_core/inst_alu/genblk1.inst/alucy[30]
LUT4        ---     0.408             CI to CO             \inst_midgetv_core/inst_alu/genblk1.inst/b[30]/y
Route         2   e 1.158                                  \inst_midgetv_core/inst_alu/genblk1.inst/alucy[31]
LUT4        ---     0.408             I3 to O              \inst_midgetv_core/inst_alu/genblk1.inst/b[31]/l
Route         7   e 1.409                                  \inst_midgetv_core/B[31]
LUT4        ---     0.408             I1 to O              \inst_midgetv_core/inst_ucodepc/i3962_4_lut
Route         1   e 1.020                                  \inst_midgetv_core/inst_ucodepc/n5608
LUT4        ---     0.408             I1 to O              \inst_midgetv_core/inst_ucodepc/i1_4_lut
Route         3   e 1.239                                  \inst_midgetv_core/mostofminx0
LUT4        ---     0.408             I0 to O              \inst_midgetv_core/inst_ucode/genblk1.inst_2ebr/leq0100/l
Route         1   e 1.020                                  \inst_midgetv_core/inst_ucode/genblk1.inst_2ebr/instr0100
LUT4        ---     0.408             I0 to O              \inst_midgetv_core/inst_ucode/genblk1.inst_2ebr/leq1x110100/l
Route         1   e 1.020                                  \inst_midgetv_core/inst_ucode/genblk1.inst_2ebr/instr1x110100
                  --------
                   61.190  (25.9% logic, 74.1% route), 39 logic levels.


Passed:  The following path meets requirements by 938.735ns

 Logical Details:  Cell type  Pin type       Cell name  (clock net +/-)

   Source:         SB_DFFESR  C              \inst_midgetv_core/inst_immexp_zfind_q/genblk1.blk0[1].r  (from CLK_c +)
   Destination:    SB_DFFE    D              \inst_midgetv_core/inst_ucode/genblk1.inst_2ebr/reg_d18  (to CLK_c +)

   Delay:                  61.132ns  (26.0% logic, 74.0% route), 39 logic levels.

 Constraint Details:

     61.132ns data_path \inst_midgetv_core/inst_immexp_zfind_q/genblk1.blk0[1].r to \inst_midgetv_core/inst_ucode/genblk1.inst_2ebr/reg_d18 meets
    1000.000ns delay constraint less
      0.133ns L_S requirement (totaling 999.867ns) by 938.735ns

 Path Details: \inst_midgetv_core/inst_immexp_zfind_q/genblk1.blk0[1].r to \inst_midgetv_core/inst_ucode/genblk1.inst_2ebr/reg_d18

   Name    Fanout   Delay (ns)          Pins               Resource(Cell.Net)
L_CO        ---     0.367              C to Q              \inst_midgetv_core/inst_immexp_zfind_q/genblk1.blk0[1].r (from CLK_c)
Route         3   e 1.339                                  \inst_midgetv_core/ADR_O[1]
LUT4        ---     0.408             I0 to O              \inst_midgetv_core/inst_mimux/genblk1.cmb[0]
Route         2   e 1.158                                  \inst_midgetv_core/Di[0]
LUT4        ---     0.408             I2 to O              \inst_midgetv_core/inst_alu/genblk1.inst/a[0]/l
Route         2   e 1.158                                  \inst_midgetv_core/inst_alu/genblk1.inst/A[0]
LUT4        ---     0.408             I0 to CO             \inst_midgetv_core/inst_alu/genblk1.inst/b[0]/y
Route         2   e 1.158                                  \inst_midgetv_core/inst_alu/genblk1.inst/alucy[1]
LUT4        ---     0.408             CI to CO             \inst_midgetv_core/inst_alu/genblk1.inst/b[1]/y
Route         2   e 1.158                                  \inst_midgetv_core/inst_alu/genblk1.inst/alucy[2]
LUT4        ---     0.408             CI to CO             \inst_midgetv_core/inst_alu/genblk1.inst/b[2]/y
Route         2   e 1.158                                  \inst_midgetv_core/inst_alu/genblk1.inst/alucy[3]
LUT4        ---     0.408             CI to CO             \inst_midgetv_core/inst_alu/genblk1.inst/b[3]/y
Route         2   e 1.158                                  \inst_midgetv_core/inst_alu/genblk1.inst/alucy[4]
LUT4        ---     0.408             CI to CO             \inst_midgetv_core/inst_alu/genblk1.inst/b[4]/y
Route         2   e 1.158                                  \inst_midgetv_core/inst_alu/genblk1.inst/alucy[5]
LUT4        ---     0.408             CI to CO             \inst_midgetv_core/inst_alu/genblk1.inst/b[5]/y
Route         2   e 1.158                                  \inst_midgetv_core/inst_alu/genblk1.inst/alucy[6]
LUT4        ---     0.408             CI to CO             \inst_midgetv_core/inst_alu/genblk1.inst/b[6]/y
Route         2   e 1.158                                  \inst_midgetv_core/inst_alu/genblk1.inst/alucy[7]
LUT4        ---     0.408             CI to CO             \inst_midgetv_core/inst_alu/genblk1.inst/b[7]/y
Route         2   e 1.158                                  \inst_midgetv_core/inst_alu/genblk1.inst/alucy[8]
LUT4        ---     0.408             CI to CO             \inst_midgetv_core/inst_alu/genblk1.inst/b[8]/y
Route         2   e 1.158                                  \inst_midgetv_core/inst_alu/genblk1.inst/alucy[9]
LUT4        ---     0.408             CI to CO             \inst_midgetv_core/inst_alu/genblk1.inst/b[9]/y
Route         2   e 1.158                                  \inst_midgetv_core/inst_alu/genblk1.inst/alucy[10]
LUT4        ---     0.408             CI to CO             \inst_midgetv_core/inst_alu/genblk1.inst/b[10]/y
Route         2   e 1.158                                  \inst_midgetv_core/inst_alu/genblk1.inst/alucy[11]
LUT4        ---     0.408             CI to CO             \inst_midgetv_core/inst_alu/genblk1.inst/b[11]/y
Route         2   e 1.158                                  \inst_midgetv_core/inst_alu/genblk1.inst/alucy[12]
LUT4        ---     0.408             CI to CO             \inst_midgetv_core/inst_alu/genblk1.inst/b[12]/y
Route         2   e 1.158                                  \inst_midgetv_core/inst_alu/genblk1.inst/alucy[13]
LUT4        ---     0.408             CI to CO             \inst_midgetv_core/inst_alu/genblk1.inst/b[13]/y
Route         2   e 1.158                                  \inst_midgetv_core/inst_alu/genblk1.inst/alucy[14]
LUT4        ---     0.408             CI to CO             \inst_midgetv_core/inst_alu/genblk1.inst/b[14]/y
Route         2   e 1.158                                  \inst_midgetv_core/inst_alu/genblk1.inst/alucy[15]
LUT4        ---     0.408             CI to CO             \inst_midgetv_core/inst_alu/genblk1.inst/b[15]/y
Route         2   e 1.158                                  \inst_midgetv_core/inst_alu/genblk1.inst/alucy[16]
LUT4        ---     0.408             CI to CO             \inst_midgetv_core/inst_alu/genblk1.inst/b[16]/y
Route         2   e 1.158                                  \inst_midgetv_core/inst_alu/genblk1.inst/alucy[17]
LUT4        ---     0.408             CI to CO             \inst_midgetv_core/inst_alu/genblk1.inst/b[17]/y
Route         2   e 1.158                                  \inst_midgetv_core/inst_alu/genblk1.inst/alucy[18]
LUT4        ---     0.408             CI to CO             \inst_midgetv_core/inst_alu/genblk1.inst/b[18]/y
Route         2   e 1.158                                  \inst_midgetv_core/inst_alu/genblk1.inst/alucy[19]
LUT4        ---     0.408             CI to CO             \inst_midgetv_core/inst_alu/genblk1.inst/b[19]/y
Route         2   e 1.158                                  \inst_midgetv_core/inst_alu/genblk1.inst/alucy[20]
LUT4        ---     0.408             CI to CO             \inst_midgetv_core/inst_alu/genblk1.inst/b[20]/y
Route         2   e 1.158                                  \inst_midgetv_core/inst_alu/genblk1.inst/alucy[21]
LUT4        ---     0.408             CI to CO             \inst_midgetv_core/inst_alu/genblk1.inst/b[21]/y
Route         2   e 1.158                                  \inst_midgetv_core/inst_alu/genblk1.inst/alucy[22]
LUT4        ---     0.408             CI to CO             \inst_midgetv_core/inst_alu/genblk1.inst/b[22]/y
Route         2   e 1.158                                  \inst_midgetv_core/inst_alu/genblk1.inst/alucy[23]
LUT4        ---     0.408             CI to CO             \inst_midgetv_core/inst_alu/genblk1.inst/b[23]/y
Route         2   e 1.158                                  \inst_midgetv_core/inst_alu/genblk1.inst/alucy[24]
LUT4        ---     0.408             CI to CO             \inst_midgetv_core/inst_alu/genblk1.inst/b[24]/y
Route         2   e 1.158                                  \inst_midgetv_core/inst_alu/genblk1.inst/alucy[25]
LUT4        ---     0.408             CI to CO             \inst_midgetv_core/inst_alu/genblk1.inst/b[25]/y
Route         2   e 1.158                                  \inst_midgetv_core/inst_alu/genblk1.inst/alucy[26]
LUT4        ---     0.408             CI to CO             \inst_midgetv_core/inst_alu/genblk1.inst/b[26]/y
Route         2   e 1.158                                  \inst_midgetv_core/inst_alu/genblk1.inst/alucy[27]
LUT4        ---     0.408             CI to CO             \inst_midgetv_core/inst_alu/genblk1.inst/b[27]/y
Route         2   e 1.158                                  \inst_midgetv_core/inst_alu/genblk1.inst/alucy[28]
LUT4        ---     0.408             CI to CO             \inst_midgetv_core/inst_alu/genblk1.inst/b[28]/y
Route         2   e 1.158                                  \inst_midgetv_core/inst_alu/genblk1.inst/alucy[29]
LUT4        ---     0.408             CI to CO             \inst_midgetv_core/inst_alu/genblk1.inst/b[29]/y
Route         2   e 1.158                                  \inst_midgetv_core/inst_alu/genblk1.inst/alucy[30]
LUT4        ---     0.408             CI to CO             \inst_midgetv_core/inst_alu/genblk1.inst/b[30]/y
Route         2   e 1.158                                  \inst_midgetv_core/inst_alu/genblk1.inst/alucy[31]
LUT4        ---     0.408             I3 to O              \inst_midgetv_core/inst_alu/genblk1.inst/b[31]/l
Route         7   e 1.409                                  \inst_midgetv_core/B[31]
LUT4        ---     0.408             I1 to O              \inst_midgetv_core/inst_ucodepc/i3962_4_lut
Route         1   e 1.020                                  \inst_midgetv_core/inst_ucodepc/n5608
LUT4        ---     0.408             I1 to O              \inst_midgetv_core/inst_ucodepc/i1_4_lut
Route         3   e 1.239                                  \inst_midgetv_core/mostofminx0
LUT4        ---     0.408             I0 to O              \inst_midgetv_core/inst_ucode/genblk1.inst_2ebr/leq0100/l
Route         1   e 1.020                                  \inst_midgetv_core/inst_ucode/genblk1.inst_2ebr/instr0100
LUT4        ---     0.408             I0 to O              \inst_midgetv_core/inst_ucode/genblk1.inst_2ebr/leq1x110100/l
Route         1   e 1.020                                  \inst_midgetv_core/inst_ucode/genblk1.inst_2ebr/instr1x110100
                  --------
                   61.132  (26.0% logic, 74.0% route), 39 logic levels.

Report: 61.739 ns is the maximum delay for this constraint.


Timing Report Summary
--------------
--------------------------------------------------------------------------------
Constraint                              |   Constraint|       Actual|Levels
--------------------------------------------------------------------------------
                                        |             |             |
create_clock -period 1000.000000 -name  |             |             |
clk0 [get_nets CLK_c]                   |  1000.000 ns|    61.739 ns|    39  
                                        |             |             |
--------------------------------------------------------------------------------


All constraints were met.



Timing summary:
---------------

Timing errors: 0  Score: 0

Constraints cover  8711 paths, 407 nets, and 1165 connections (63.4% coverage)


Peak memory: 181563392 bytes, TRCE: 4689920 bytes, DLYMAN: 163840 bytes
CPU_TIME_REPORT: 0 secs 
